<html>
<body>
<pre>
<h1>µVision Build Log</h1>
<h2>Project:</h2>
C:\Users\cody\Documents\Keil\ECE 3710\Labs\Lab-05\SimpleProject.uvproj
Project File Date:  11/10/2013

<h2>Output:</h2>
Rebuild target 'Target 1'
assembling startup.s...
compiling main.c...
compiling LCD.c...
compiling GPIO.c...
compiling GPTM.c...
compiling NVIC.c...
compiling regop.c...
compiling SSI.c...
compiling SYSCTL.c...
linking...
Program Size: Code=2808 RO-data=16 RW-data=0 ZI-data=1024  
".\SimpleProject.axf" - 0 Errors, 0 Warning(s).
Rebuild target 'Target 1'
assembling startup.s...
compiling main.c...
compiling LCD.c...
compiling GPIO.c...
compiling GPTM.c...
compiling NVIC.c...
compiling regop.c...
compiling SSI.c...
compiling SYSCTL.c...
linking...
Program Size: Code=2808 RO-data=16 RW-data=0 ZI-data=1024  
".\SimpleProject.axf" - 0 Errors, 0 Warning(s).
Load "C:\\Users\\cody\\Documents\\Keil\\ECE 3710\\Labs\\Lab-05\\SimpleProject.axf" 
Connecting: Mode=JTAG, Speed=2000000Hz
Full Chip Erase Done.
Erase Done.
Programming Done.
Verify OK.
